../Core/Src/main.c:73:6:HAL_TIM_PeriodElapsedCallback	16	static
../Core/Src/main.c:78:6:display7SEG	16	static
../Core/Src/main.c:99:6:update7SEG	16	static
../Core/Src/main.c:135:6:updateClockBuffer	4	static
../Core/Src/main.c:148:6:clearLEDmatrix	8	static
../Core/Src/main.c:160:6:updateLEDMatrix	16	static
../Core/Src/main.c:201:6:animationLEDMatrix	16	static
../Core/Src/main.c:221:5:main	8	static
../Core/Src/main.c:325:6:SystemClock_Config	72	static
../Core/Src/main.c:362:13:MX_TIM2_Init	32	static
../Core/Src/main.c:407:13:MX_GPIO_Init	32	static
../Core/Src/main.c:467:6:Error_Handler	4	static,ignoring_inline_asm
