../Core/Src/main.c:73:6:HAL_TIM_PeriodElapsedCallback	16	static
../Core/Src/main.c:78:6:display7SEG	16	static
../Core/Src/main.c:99:6:update7SEG	16	static
../Core/Src/main.c:135:6:updateClockBuffer	4	static
../Core/Src/main.c:148:6:clearLEDmatrix	8	static
../Core/Src/main.c:160:6:updateLEDMatrix	16	static
../Core/Src/main.c:209:5:main	8	static
../Core/Src/main.c:307:6:SystemClock_Config	72	static
../Core/Src/main.c:344:13:MX_TIM2_Init	32	static
../Core/Src/main.c:389:13:MX_GPIO_Init	32	static
../Core/Src/main.c:449:6:Error_Handler	4	static,ignoring_inline_asm
